// Jest Snapshot v1, https://goo.gl/fbAQLP

exports[`AxiosTest.vue snapshot test 1`] = `
<div class="example axios">
  <h2 class="example_title">Axios的单元测试例</h2>
  <app-button-stub size="lg">从后台接口获取数据</app-button-stub>
</div>
`;
